
> ayrovi@3.10.4 build
> npm run build:client && npm run build:server


> ayrovi@3.10.4 build:client
> vite build

vite v8.2.1 building client environment for production...
[2Ktransforming...✓ 826 modules transformed.
rendering chunks...
computing gzip size...
public/index.html                                     2.43 kB │ gzip:   0.96 kB
public/assets/adidas-DSiMMEHE.jpg                     6.66 kB
public/assets/shein-VCX7drB9.jpg                      6.95 kB
public/assets/ysl-BCgHxbGU.jpg                        7.31 kB
public/assets/nike-Dnelz9bu.jpg                       7.50 kB
public/assets/the-north-face-BnBYyhsv.jpg            10.70 kB
public/assets/dior-DsmacnAf.jpg                      12.88 kB
public/assets/zara-PLZWEJaL.jpg                      13.32 kB
public/assets/ellesse-Dw6R_Xvo.jpg                   14.60 kB
public/assets/jordan-Dycio7Hm.jpg                    17.17 kB
public/assets/chanel-BRLfpnFi.jpg                    17.21 kB
public/assets/prada-EeNm87n2.jpg                     19.31 kB
public/assets/burberry-BGqL7J1S.jpg                  20.05 kB
public/assets/hermes-BFafVh5d.jpg                    33.98 kB
public/assets/dolce-gabbana-LtJIoL3G.jpg             34.69 kB
public/assets/hero-homme-Cxuh9cL5.jpg                41.23 kB
public/assets/hero-femme-CX_-1i6X.jpg                46.63 kB
public/assets/versace-CqSoPMYt.jpg                   49.56 kB
public/assets/about-parallax-C3cZSsmf.jpg            86.05 kB
public/assets/hero-enfants-DYGXUqF9.jpg             146.33 kB
public/assets/AiAssistantDrawer-q45MNfT2.css          6.61 kB │ gzip:   1.61 kB
public/assets/CustomerAccountPage-D8k6JAAV.css       11.17 kB │ gzip:   2.63 kB
public/assets/AdminApp-Dc2sc6rK.css                 118.38 kB │ gzip:  20.02 kB
public/assets/index-wZyOCcFL.css                    194.78 kB │ gzip:  32.46 kB
public/assets/esm-CzxofFYm.js                         0.25 kB │ gzip:   0.20 kB
public/assets/CheckoutFlowShell-C11QVto4.js           0.44 kB │ gzip:   0.27 kB
public/assets/JourneyProgress-CrkEDjso.js             0.68 kB │ gzip:   0.47 kB
public/assets/resultPolicy-41holXna.js                0.83 kB │ gzip:   0.45 kB
public/assets/AboutPage-7J8NzQBI.js                   0.83 kB │ gzip:   0.53 kB
public/assets/useCommercePolicy-CaOSWkdr.js           1.19 kB │ gzip:   0.65 kB
public/assets/MenuDrawer-c9xVyvRb.js                  5.99 kB │ gzip:   2.39 kB
public/assets/interfaceConfig-BsA2XpvI.js             7.33 kB │ gzip:   2.63 kB
public/assets/CartDrawer-DcMeZ1aK.js                  8.91 kB │ gzip:   3.38 kB
public/assets/CustomerPasswordRecovery-LTDdedCJ.js   11.46 kB │ gzip:   4.28 kB
public/assets/QatafoIcons-DL6S4o_Q.js                15.86 kB │ gzip:   5.14 kB
public/assets/ProductDrawer-N2Qfffjl.js              17.28 kB │ gzip:   5.05 kB
public/assets/OrderSuccessModal-Dww-nN-L.js          20.27 kB │ gzip:   7.70 kB
public/assets/ProductResult-COz3d6yM.js              21.93 kB │ gzip:   7.74 kB
public/assets/CheckoutModal-CjhUKkd0.js              26.45 kB │ gzip:   8.51 kB
public/assets/api-MTyUy0Gu.js                        29.16 kB │ gzip:   9.64 kB
public/assets/CustomerAccountPage-kdweXeRQ.js        77.54 kB │ gzip:  20.68 kB
public/assets/LensLauncher-CK8813Fj.js              108.36 kB │ gzip:  32.52 kB
public/assets/AiAssistantDrawer-KHbmUyQM.js         118.26 kB │ gzip:  36.92 kB
public/assets/index-DtWr0WLT.js                     202.37 kB │ gzip:  64.43 kB
public/assets/App-U0Xupb8N.js                       233.39 kB │ gzip:  74.60 kB
public/assets/qr-C9LzHcXT.js                        411.24 kB │ gzip: 109.94 kB
public/assets/AdminApp-DB82JW5G.js                  447.97 kB │ gzip: 106.18 kB

✓ built in 1.41s

> ayrovi@3.10.4 build:server
> node -e 'require("esbuild").buildSync({entryPoints:["src/server.ts"],bundle:true,platform:"node",target:"node20",outfile:"dist/server.js",external:["better-sqlite3","jsdom","express","compression","cors","dotenv","tesseract.js","multer","sharp","pdf-to-img","mailparser"]})'

