
[1m[30m[46m RUN [49m[39m[22m [36mv4.1.11 [39m[90m/home/user/ayrovi_beta1[39m

[90mstdout[2m | tests/arrival-ingestion.test.ts[2m > [22m[2mAdministration CRM Arrival AI ingestion[2m > [22m[2mkeeps operational Arrivals separate from the existing public CMS arrivals
[22m[39m[database] data migration applied (one-shot): rebrand_aysonic_legacy_v1
[database] data migration applied (one-shot): rebrand_noir_orange_v1
[database] data migration applied (one-shot): rebrand_zalando_orange_v1
[database] data migration applied (one-shot): rebrand_neutral_scale_v1
[database] data migration applied (one-shot): stories_showcase_position_v1
[database] data migration applied (one-shot): stories_demo_seed_v1
[database] data migration applied (one-shot): lens_feature_media_v1
[database] data migration applied (one-shot): payment_methods_default_card_v1

[90mstdout[2m | tests/arrival-ingestion.test.ts[2m > [22m[2mAdministration CRM Arrival AI ingestion[2m > [22m[2mcreates a canonical CRM customer inline, normalizes and reuses a duplicate phone, then links the Arrival atomically
[22m[39m[database] data migration applied (one-shot): rebrand_aysonic_legacy_v1
[database] data migration applied (one-shot): rebrand_noir_orange_v1
[database] data migration applied (one-shot): rebrand_zalando_orange_v1
[database] data migration applied (one-shot): rebrand_neutral_scale_v1
[database] data migration applied (one-shot): stories_showcase_position_v1
[database] data migration applied (one-shot): stories_demo_seed_v1
[database] data migration applied (one-shot): lens_feature_media_v1
[database] data migration applied (one-shot): payment_methods_default_card_v1

[90mstderr[2m | tests/arrival-ingestion.test.ts[2m > [22m[2mAdministration CRM Arrival AI ingestion[2m > [22m[2mcreates a canonical CRM customer inline, normalizes and reuses a duplicate phone, then links the Arrival atomically
[22m[39m[Arrival ingestion] ARRIVAL_INGESTION_FAILED

[90mstdout[2m | tests/arrival-ingestion.test.ts[2m > [22m[2mAdministration CRM Arrival AI ingestion[2m > [22m[2mruns the full SHEIN email + TEMU PDF workflow, review, idempotency, summary and confirmation
[22m[39m[database] data migration applied (one-shot): rebrand_aysonic_legacy_v1
[database] data migration applied (one-shot): rebrand_noir_orange_v1
[database] data migration applied (one-shot): rebrand_zalando_orange_v1
[database] data migration applied (one-shot): rebrand_neutral_scale_v1
[database] data migration applied (one-shot): stories_showcase_position_v1
[database] data migration applied (one-shot): stories_demo_seed_v1
[database] data migration applied (one-shot): lens_feature_media_v1
[database] data migration applied (one-shot): payment_methods_default_card_v1

[90mstdout[2m | tests/arrival-ingestion.test.ts[2m > [22m[2mAdministration CRM Arrival AI ingestion[2m > [22m[2mblocks confirmation on partial data and records a sanitized failed extraction without retrying the source
[22m[39m[database] data migration applied (one-shot): rebrand_aysonic_legacy_v1
[database] data migration applied (one-shot): rebrand_noir_orange_v1
[database] data migration applied (one-shot): rebrand_zalando_orange_v1
[database] data migration applied (one-shot): rebrand_neutral_scale_v1
[database] data migration applied (one-shot): stories_showcase_position_v1
[database] data migration applied (one-shot): stories_demo_seed_v1
[database] data migration applied (one-shot): lens_feature_media_v1
[database] data migration applied (one-shot): payment_methods_default_card_v1

[90mstdout[2m | tests/arrival-ingestion.test.ts[2m > [22m[2mAdministration CRM Arrival AI ingestion[2m > [22m[2mrecovers an interrupted job without retaining uncommitted rows or derived files
[22m[39m[database] data migration applied (one-shot): rebrand_aysonic_legacy_v1
[database] data migration applied (one-shot): rebrand_noir_orange_v1
[database] data migration applied (one-shot): rebrand_zalando_orange_v1
[database] data migration applied (one-shot): rebrand_neutral_scale_v1
[database] data migration applied (one-shot): stories_showcase_position_v1
[database] data migration applied (one-shot): stories_demo_seed_v1
[database] data migration applied (one-shot): lens_feature_media_v1
[database] data migration applied (one-shot): payment_methods_default_card_v1

[90mstdout[2m | tests/arrival-ingestion.test.ts[2m > [22m[2mAdministration CRM Arrival AI ingestion[2m > [22m[2mopens the extraction capability circuit on HTTP 429 and does not call remaining PDF pages
[22m[39m[database] data migration applied (one-shot): rebrand_aysonic_legacy_v1
[database] data migration applied (one-shot): rebrand_noir_orange_v1
[database] data migration applied (one-shot): rebrand_zalando_orange_v1
[database] data migration applied (one-shot): rebrand_neutral_scale_v1
[database] data migration applied (one-shot): stories_showcase_position_v1
[database] data migration applied (one-shot): stories_demo_seed_v1
[database] data migration applied (one-shot): lens_feature_media_v1
[database] data migration applied (one-shot): payment_methods_default_card_v1

[90mstdout[2m | tests/arrival-ingestion.test.ts[2m > [22m[2mAdministration CRM Arrival AI ingestion[2m > [22m[2mpersists and exposes sanitized actionable authentication diagnostics without leaking provider details
[22m[39m[database] data migration applied (one-shot): rebrand_aysonic_legacy_v1
[database] data migration applied (one-shot): rebrand_noir_orange_v1
[database] data migration applied (one-shot): rebrand_zalando_orange_v1
[database] data migration applied (one-shot): rebrand_neutral_scale_v1
[database] data migration applied (one-shot): stories_showcase_position_v1
[database] data migration applied (one-shot): stories_demo_seed_v1
[database] data migration applied (one-shot): lens_feature_media_v1
[database] data migration applied (one-shot): payment_methods_default_card_v1

[90mstdout[2m | tests/arrival-ingestion.test.ts[2m > [22m[2mAdministration CRM Arrival AI ingestion[2m > [22m[2mkeeps multiple nested Stores on one Arrival client, scopes sources/products, supports an Arrival alias, and unlinks without deleting canonical CRM data
[22m[39m[database] data migration applied (one-shot): rebrand_aysonic_legacy_v1
[database] data migration applied (one-shot): rebrand_noir_orange_v1
[database] data migration applied (one-shot): rebrand_zalando_orange_v1
[database] data migration applied (one-shot): rebrand_neutral_scale_v1
[database] data migration applied (one-shot): stories_showcase_position_v1
[database] data migration applied (one-shot): stories_demo_seed_v1
[database] data migration applied (one-shot): lens_feature_media_v1
[database] data migration applied (one-shot): payment_methods_default_card_v1

[90mstdout[2m | tests/arrival-ingestion.test.ts[2m > [22m[2mAdministration CRM Arrival AI ingestion[2m > [22m[2mcreates and manages global Store profiles with audited validation and assignment protection
[22m[39m[database] data migration applied (one-shot): rebrand_aysonic_legacy_v1
[database] data migration applied (one-shot): rebrand_noir_orange_v1
[database] data migration applied (one-shot): rebrand_zalando_orange_v1
[database] data migration applied (one-shot): rebrand_neutral_scale_v1
[database] data migration applied (one-shot): stories_showcase_position_v1
[database] data migration applied (one-shot): stories_demo_seed_v1
[database] data migration applied (one-shot): lens_feature_media_v1
[database] data migration applied (one-shot): payment_methods_default_card_v1

[90mstdout[2m | tests/arrival-ingestion.test.ts[2m > [22m[2mAdministration CRM Arrival AI ingestion[2m > [22m[2menforces admin authentication, write permission and CSRF protection
[22m[39m[database] data migration applied (one-shot): rebrand_aysonic_legacy_v1
[database] data migration applied (one-shot): rebrand_noir_orange_v1
[database] data migration applied (one-shot): rebrand_zalando_orange_v1
[database] data migration applied (one-shot): rebrand_neutral_scale_v1
[database] data migration applied (one-shot): stories_showcase_position_v1
[database] data migration applied (one-shot): stories_demo_seed_v1
[database] data migration applied (one-shot): lens_feature_media_v1
[database] data migration applied (one-shot): payment_methods_default_card_v1

 [32m✓[39m tests/arrival-ingestion.test.ts [2m([22m[2m12 tests[22m[2m)[22m[33m 3531[2mms[22m[39m
     [33m[2m✓[22m[39m runs the full SHEIN email + TEMU PDF workflow, review, idempotency, summary and confirmation [33m 767[2mms[22m[39m
     [33m[2m✓[22m[39m opens the extraction capability circuit on HTTP 429 and does not call remaining PDF pages [33m 1145[2mms[22m[39m
     [33m[2m✓[22m[39m keeps multiple nested Stores on one Arrival client, scopes sources/products, supports an Arrival alias, and unlinks without deleting canonical CRM data [33m 406[2mms[22m[39m

[2m Test Files [22m [1m[32m1 passed[39m[22m[90m (1)[39m
[2m      Tests [22m [1m[32m12 passed[39m[22m[90m (12)[39m
[2m   Start at [22m 02:33:46
[2m   Duration [22m 4.85s[2m (transform 558ms, setup 0ms, import 1.16s, tests 3.53s, environment 0ms)[22m

